2024/05/16 08:57:30 ファイルに書き込む
